// Jest Snapshot v1, https://goo.gl/fbAQLP

exports[`SearchForm should match the snapshot 1`] = `
<header>
  <input
    name="search"
    onChange={[Function]}
    placeholder="Search articles"
    type="text"
    value=""
  />
  <button
    onClick={[Function]}
    type="button"
  >
    Search
  </button>
</header>
`;
